D:\ukraine-bhelper\backend\UkraineAid\Service\UserService\src\main\java\com\byb\userservice\UserServiceApplication.java
D:\ukraine-bhelper\backend\UkraineAid\Service\UserService\src\main\java\com\byb\userservice\Dao\GroupDao.java
D:\ukraine-bhelper\backend\UkraineAid\Service\UserService\src\main\java\com\byb\userservice\Vo\MenuVo.java
D:\ukraine-bhelper\backend\UkraineAid\Service\UserService\src\main\java\com\byb\userservice\Vo\ModuleVo.java
D:\ukraine-bhelper\backend\UkraineAid\Service\UserService\src\main\java\com\byb\userservice\Vo\RoleForm.java
D:\ukraine-bhelper\backend\UkraineAid\Service\UserService\src\main\java\com\byb\userservice\Vo\UserForm.java
D:\ukraine-bhelper\backend\UkraineAid\Service\UserService\src\main\java\com\byb\userservice\Vo\PermissionVo.java
D:\ukraine-bhelper\backend\UkraineAid\Service\UserService\src\main\java\com\byb\userservice\Config\RabbitMQConfig.java
D:\ukraine-bhelper\backend\UkraineAid\Service\UserService\src\main\java\com\byb\userservice\Controller\UserController.java
D:\ukraine-bhelper\backend\UkraineAid\Service\UserService\src\main\java\com\byb\userservice\Service\EmailService.java
D:\ukraine-bhelper\backend\UkraineAid\Service\UserService\src\main\java\com\byb\userservice\Service\Impl\UserDetailsServiceImpl.java
D:\ukraine-bhelper\backend\UkraineAid\Service\UserService\src\main\java\com\byb\userservice\Entity\UserAuth.java
D:\ukraine-bhelper\backend\UkraineAid\Service\UserService\src\main\java\com\byb\userservice\Entity\UserRole.java
D:\ukraine-bhelper\backend\UkraineAid\Service\UserService\src\main\java\com\byb\userservice\Service\Impl\PermissionServiceImpl.java
D:\ukraine-bhelper\backend\UkraineAid\Service\UserService\src\main\java\com\byb\userservice\Entity\User.java
D:\ukraine-bhelper\backend\UkraineAid\Service\UserService\src\main\java\com\byb\userservice\Service\Impl\UserAuthServiceImpl.java
D:\ukraine-bhelper\backend\UkraineAid\Service\UserService\src\main\java\com\byb\userservice\Service\Impl\UserServiceImpl.java
D:\ukraine-bhelper\backend\UkraineAid\Service\UserService\src\main\java\com\byb\userservice\Vo\RoleVo.java
D:\ukraine-bhelper\backend\UkraineAid\Service\UserService\src\main\java\com\byb\userservice\Entity\RolePermission.java
D:\ukraine-bhelper\backend\UkraineAid\Service\UserService\src\main\java\com\byb\userservice\Vo\UserRoleVo.java
D:\ukraine-bhelper\backend\UkraineAid\Service\UserService\src\main\java\com\byb\userservice\Entity\Group.java
D:\ukraine-bhelper\backend\UkraineAid\Service\UserService\src\main\java\com\byb\userservice\Entity\Permission.java
D:\ukraine-bhelper\backend\UkraineAid\Service\UserService\src\main\java\com\byb\userservice\Service\RoleService.java
D:\ukraine-bhelper\backend\UkraineAid\Service\UserService\src\main\java\com\byb\userservice\Service\UserAuthService.java
D:\ukraine-bhelper\backend\UkraineAid\Service\UserService\src\main\java\com\byb\userservice\Dao\UserRoleDao.java
D:\ukraine-bhelper\backend\UkraineAid\Service\UserService\src\main\java\com\byb\userservice\Entity\Menu.java
D:\ukraine-bhelper\backend\UkraineAid\Service\UserService\src\main\java\com\byb\userservice\Vo\PermissionForm.java
D:\ukraine-bhelper\backend\UkraineAid\Service\UserService\src\main\java\com\byb\userservice\Entity\Role.java
D:\ukraine-bhelper\backend\UkraineAid\Service\UserService\src\main\java\com\byb\userservice\Service\Impl\EmailServiceImpl.java
D:\ukraine-bhelper\backend\UkraineAid\Service\UserService\src\main\java\com\byb\userservice\Dao\UserDao.java
D:\ukraine-bhelper\backend\UkraineAid\Service\UserService\src\main\java\com\byb\userservice\Service\Impl\RoleServiceImpl.java
D:\ukraine-bhelper\backend\UkraineAid\Service\UserService\src\main\java\com\byb\userservice\Service\UserService.java
D:\ukraine-bhelper\backend\UkraineAid\Service\UserService\src\main\java\com\byb\userservice\Service\PermissionService.java
D:\ukraine-bhelper\backend\UkraineAid\Service\UserService\src\main\java\com\byb\userservice\Vo\UserVo.java
D:\ukraine-bhelper\backend\UkraineAid\Service\UserService\src\main\java\com\byb\userservice\Dao\UserAuthDao.java
D:\ukraine-bhelper\backend\UkraineAid\Service\UserService\src\main\java\com\byb\userservice\Service\Impl\MySecurityMetadataSource.java
D:\ukraine-bhelper\backend\UkraineAid\Service\UserService\src\main\java\com\byb\userservice\Dao\RolePermissionDao.java
D:\ukraine-bhelper\backend\UkraineAid\Service\UserService\src\main\java\com\byb\userservice\Vo\GroupForm.java
D:\ukraine-bhelper\backend\UkraineAid\Service\UserService\src\main\java\com\byb\userservice\Dao\PermissionDao.java
D:\ukraine-bhelper\backend\UkraineAid\Service\UserService\src\main\java\com\byb\userservice\Dao\RoleDao.java
