D:\ukraine-bhelper\backend\UkraineAid\Service\AuditService\src\main\java\com\byb\auditservice\Service\AuditService.java
D:\ukraine-bhelper\backend\UkraineAid\Service\AuditService\src\main\java\com\byb\auditservice\Dao\AuditOperDao.java
D:\ukraine-bhelper\backend\UkraineAid\Service\AuditService\src\main\java\com\byb\auditservice\AuditServiceApplication.java
D:\ukraine-bhelper\backend\UkraineAid\Service\AuditService\src\main\java\com\byb\auditservice\Dao\StatusDao.java
D:\ukraine-bhelper\backend\UkraineAid\Service\AuditService\src\main\java\com\byb\auditservice\Entity\Audit.java
D:\ukraine-bhelper\backend\UkraineAid\Service\AuditService\src\main\java\com\byb\auditservice\Service\Impl\AuditOperServiceImpl.java
D:\ukraine-bhelper\backend\UkraineAid\Service\AuditService\src\main\java\com\byb\auditservice\Service\AuditOperService.java
D:\ukraine-bhelper\backend\UkraineAid\Service\AuditService\src\main\java\com\byb\auditservice\Controller\AuditController.java
D:\ukraine-bhelper\backend\UkraineAid\Service\AuditService\src\main\java\com\byb\auditservice\Entity\AuditOper.java
D:\ukraine-bhelper\backend\UkraineAid\Service\AuditService\src\main\java\com\byb\auditservice\Service\StatusService.java
D:\ukraine-bhelper\backend\UkraineAid\Service\AuditService\src\main\java\com\byb\auditservice\Service\Impl\AuditServiceImpl.java
D:\ukraine-bhelper\backend\UkraineAid\Service\AuditService\src\main\java\com\byb\auditservice\Dao\AuditDao.java
D:\ukraine-bhelper\backend\UkraineAid\Service\AuditService\src\main\java\com\byb\auditservice\Service\Impl\StatusServiceImpl.java
D:\ukraine-bhelper\backend\UkraineAid\Service\AuditService\src\main\java\com\byb\auditservice\Vo\AuditVo.java
D:\ukraine-bhelper\backend\UkraineAid\Service\AuditService\src\main\java\com\byb\auditservice\Entity\Status.java
D:\ukraine-bhelper\backend\UkraineAid\Service\AuditService\src\main\java\com\byb\auditservice\Vo\AuditForm.java
