com\byb\houseservice\Config\MybatisPlusConfig.class
com\byb\houseservice\Service\PostTagService.class
com\byb\houseservice\Entity\ContactType.class
com\byb\houseservice\Service\Impl\TagTypeServiceImpl.class
com\byb\houseservice\Entity\TagType.class
com\byb\houseservice\Entity\Contact.class
com\byb\houseservice\Service\Impl\ContactTypeServiceImpl.class
com\byb\houseservice\Vo\ContactTypeVo.class
com\byb\houseservice\Controller\PostController.class
com\byb\houseservice\Dao\TagMapper.class
com\byb\houseservice\Service\Impl\FilePicServiceImpl.class
com\byb\houseservice\Service\ContactTypeService.class
com\byb\houseservice\Dao\TagTypeMapper.class
com\byb\houseservice\Dao\HouseInfoMapper.class
com\byb\houseservice\Vo\TagTypeVo.class
com\byb\houseservice\Dao\FileNameMapper.class
com\byb\houseservice\Dao\ContactMapper.class
com\byb\houseservice\Vo\ContactVo.class
com\byb\houseservice\Entity\FileName.class
com\byb\houseservice\Service\PostContactService.class
com\byb\houseservice\Vo\HouseinfoVo.class
com\byb\houseservice\Service\FilePicService.class
com\byb\houseservice\Vo\TagVo.class
com\byb\houseservice\Config\WebConfig.class
com\byb\houseservice\Dao\ContactTypeMapper.class
com\byb\houseservice\Service\Impl\PostContactServiceImpl.class
com\byb\houseservice\Entity\Tag.class
com\byb\houseservice\Service\Impl\PostHouseServiceImpl.class
com\byb\houseservice\Service\TagTypeService.class
com\byb\houseservice\Service\PostHouseService.class
com\byb\houseservice\Entity\HouseInfo.class
com\byb\houseservice\Service\Impl\PostTagServiceImpl.class
com\byb\houseservice\HouseServiceApplication.class
