D:\ukraine-bhelper\backend\UkraineAid\Service\HouseService\src\main\java\com\byb\houseservice\Dao\TagMapper.java
D:\ukraine-bhelper\backend\UkraineAid\Service\HouseService\src\main\java\com\byb\houseservice\Service\PostHouseService.java
D:\ukraine-bhelper\backend\UkraineAid\Service\HouseService\src\main\java\com\byb\houseservice\Service\Impl\PostContactServiceImpl.java
D:\ukraine-bhelper\backend\UkraineAid\Service\HouseService\src\main\java\com\byb\houseservice\Vo\TagTypeVo.java
D:\ukraine-bhelper\backend\UkraineAid\Service\HouseService\src\main\java\com\byb\houseservice\Dao\HouseInfoMapper.java
D:\ukraine-bhelper\backend\UkraineAid\Service\HouseService\src\main\java\com\byb\houseservice\Vo\TagVo.java
D:\ukraine-bhelper\backend\UkraineAid\Service\HouseService\src\main\java\com\byb\houseservice\Config\WebConfig.java
D:\ukraine-bhelper\backend\UkraineAid\Service\HouseService\src\main\java\com\byb\houseservice\Controller\PostController.java
D:\ukraine-bhelper\backend\UkraineAid\Service\HouseService\src\main\java\com\byb\houseservice\Entity\ContactType.java
D:\ukraine-bhelper\backend\UkraineAid\Service\HouseService\src\main\java\com\byb\houseservice\Vo\HouseinfoVo.java
D:\ukraine-bhelper\backend\UkraineAid\Service\HouseService\src\main\java\com\byb\houseservice\Config\MybatisPlusConfig.java
D:\ukraine-bhelper\backend\UkraineAid\Service\HouseService\src\main\java\com\byb\houseservice\Service\PostTagService.java
D:\ukraine-bhelper\backend\UkraineAid\Service\HouseService\src\main\java\com\byb\houseservice\Dao\TagTypeMapper.java
D:\ukraine-bhelper\backend\UkraineAid\Service\HouseService\src\main\java\com\byb\houseservice\Entity\FileName.java
D:\ukraine-bhelper\backend\UkraineAid\Service\HouseService\src\main\java\com\byb\houseservice\Vo\ContactVo.java
D:\ukraine-bhelper\backend\UkraineAid\Service\HouseService\src\main\java\com\byb\houseservice\Service\Impl\FilePicServiceImpl.java
D:\ukraine-bhelper\backend\UkraineAid\Service\HouseService\src\main\java\com\byb\houseservice\Service\PostContactService.java
D:\ukraine-bhelper\backend\UkraineAid\Service\HouseService\src\main\java\com\byb\houseservice\Service\Impl\ContactTypeServiceImpl.java
D:\ukraine-bhelper\backend\UkraineAid\Service\HouseService\src\main\java\com\byb\houseservice\Entity\Tag.java
D:\ukraine-bhelper\backend\UkraineAid\Service\HouseService\src\main\java\com\byb\houseservice\Vo\ContactTypeVo.java
D:\ukraine-bhelper\backend\UkraineAid\Service\HouseService\src\main\java\com\byb\houseservice\Dao\FileNameMapper.java
D:\ukraine-bhelper\backend\UkraineAid\Service\HouseService\src\main\java\com\byb\houseservice\Dao\ContactTypeMapper.java
D:\ukraine-bhelper\backend\UkraineAid\Service\HouseService\src\main\java\com\byb\houseservice\Entity\HouseInfo.java
D:\ukraine-bhelper\backend\UkraineAid\Service\HouseService\src\main\java\com\byb\houseservice\Dao\ContactMapper.java
D:\ukraine-bhelper\backend\UkraineAid\Service\HouseService\src\main\java\com\byb\houseservice\Entity\Contact.java
D:\ukraine-bhelper\backend\UkraineAid\Service\HouseService\src\main\java\com\byb\houseservice\Service\FilePicService.java
D:\ukraine-bhelper\backend\UkraineAid\Service\HouseService\src\main\java\com\byb\houseservice\Service\Impl\PostTagServiceImpl.java
D:\ukraine-bhelper\backend\UkraineAid\Service\HouseService\src\main\java\com\byb\houseservice\Service\ContactTypeService.java
D:\ukraine-bhelper\backend\UkraineAid\Service\HouseService\src\main\java\com\byb\houseservice\Service\Impl\PostHouseServiceImpl.java
D:\ukraine-bhelper\backend\UkraineAid\Service\HouseService\src\main\java\com\byb\houseservice\Service\TagTypeService.java
D:\ukraine-bhelper\backend\UkraineAid\Service\HouseService\src\main\java\com\byb\houseservice\HouseServiceApplication.java
D:\ukraine-bhelper\backend\UkraineAid\Service\HouseService\src\main\java\com\byb\houseservice\Config\WebMvcConfigurer.java
D:\ukraine-bhelper\backend\UkraineAid\Service\HouseService\src\main\java\com\byb\houseservice\Service\Impl\TagTypeServiceImpl.java
D:\ukraine-bhelper\backend\UkraineAid\Service\HouseService\src\main\java\com\byb\houseservice\Entity\TagType.java
