com\byb\systemservice\Dao\SyslogDao.class
com\byb\systemservice\Config\Dict.class
com\byb\systemservice\SystemServiceApplication.class
com\byb\systemservice\Listener\Listener.class
com\byb\systemservice\Service\EmailService.class
com\byb\systemservice\Dao\MessageDao.class
com\byb\systemservice\Entity\Syslog.class
com\byb\systemservice\Entity\Message.class
com\byb\systemservice\Service\SyslogService.class
com\byb\systemservice\Config\RabbitMQConfig.class
com\byb\systemservice\Service\Impl\SyslogServiceImpl.class
com\byb\systemservice\Controller\SyslogController.class
com\byb\systemservice\Service\Impl\EmailServiceImpl.class
com\byb\systemservice\Dao\ObjtypeDao.class
com\byb\systemservice\Entity\SysOperation.class
com\byb\systemservice\Controller\MessageController.class
com\byb\systemservice\Entity\Objtype.class
com\byb\systemservice\Service\Impl\MessageServiceImpl.class
com\byb\systemservice\Dao\SysOperationDao.class
com\byb\systemservice\Service\MessageService.class
com\byb\systemservice\Vo\MessageForm.class
com\byb\systemservice\Vo\SyslogForm.class
