D:\ukraine-bhelper\backend\UkraineAid\Service\SystemService\src\main\java\com\byb\systemservice\Dao\SyslogDao.java
D:\ukraine-bhelper\backend\UkraineAid\Service\SystemService\src\main\java\com\byb\systemservice\Controller\SyslogController.java
D:\ukraine-bhelper\backend\UkraineAid\Service\SystemService\src\main\java\com\byb\systemservice\Dao\MessageDao.java
D:\ukraine-bhelper\backend\UkraineAid\Service\SystemService\src\main\java\com\byb\systemservice\SystemServiceApplication.java
D:\ukraine-bhelper\backend\UkraineAid\Service\SystemService\src\main\java\com\byb\systemservice\Entity\SysOperation.java
D:\ukraine-bhelper\backend\UkraineAid\Service\SystemService\src\main\java\com\byb\systemservice\Vo\MessageForm.java
D:\ukraine-bhelper\backend\UkraineAid\Service\SystemService\src\main\java\com\byb\systemservice\Entity\Objtype.java
D:\ukraine-bhelper\backend\UkraineAid\Service\SystemService\src\main\java\com\byb\systemservice\Service\Impl\SyslogServiceImpl.java
D:\ukraine-bhelper\backend\UkraineAid\Service\SystemService\src\main\java\com\byb\systemservice\Controller\MessageController.java
D:\ukraine-bhelper\backend\UkraineAid\Service\SystemService\src\main\java\com\byb\systemservice\Service\Impl\EmailServiceImpl.java
D:\ukraine-bhelper\backend\UkraineAid\Service\SystemService\src\main\java\com\byb\systemservice\Vo\SyslogForm.java
D:\ukraine-bhelper\backend\UkraineAid\Service\SystemService\src\main\java\com\byb\systemservice\Service\Impl\MessageServiceImpl.java
D:\ukraine-bhelper\backend\UkraineAid\Service\SystemService\src\main\java\com\byb\systemservice\Service\MessageService.java
D:\ukraine-bhelper\backend\UkraineAid\Service\SystemService\src\main\java\com\byb\systemservice\Config\Dict.java
D:\ukraine-bhelper\backend\UkraineAid\Service\SystemService\src\main\java\com\byb\systemservice\Config\RabbitMQConfig.java
D:\ukraine-bhelper\backend\UkraineAid\Service\SystemService\src\main\java\com\byb\systemservice\Listener\Listener.java
D:\ukraine-bhelper\backend\UkraineAid\Service\SystemService\src\main\java\com\byb\systemservice\Service\SyslogService.java
D:\ukraine-bhelper\backend\UkraineAid\Service\SystemService\src\main\java\com\byb\systemservice\Dao\ObjtypeDao.java
D:\ukraine-bhelper\backend\UkraineAid\Service\SystemService\src\main\java\com\byb\systemservice\Entity\Message.java
D:\ukraine-bhelper\backend\UkraineAid\Service\SystemService\src\main\java\com\byb\systemservice\Entity\Syslog.java
D:\ukraine-bhelper\backend\UkraineAid\Service\SystemService\src\main\java\com\byb\systemservice\Dao\SysOperationDao.java
D:\ukraine-bhelper\backend\UkraineAid\Service\SystemService\src\main\java\com\byb\systemservice\Service\EmailService.java
